OperationId,Eye,CoPathologyId,DisorderId,DisorderDescription
3686565,L,6,232079008,"Glaucoma suspect"
3686582,L,6,232079008,"Glaucoma suspect"
3686591,L,6,232079008,"Glaucoma suspect"
3686565,L,26,53889007,"Nuclear cataract"
3686582,L,26,53889007,"Nuclear cataract"
3686591,L,26,53889007,"Nuclear cataract"
3686565,L,26,392288006,"Primary angle-closure glaucoma"
3686582,L,26,392288006,"Primary angle-closure glaucoma"
3686591,L,26,392288006,"Primary angle-closure glaucoma"
3686606,L,6,232079008,"Glaucoma suspect"
3686606,L,26,53889007,"Nuclear cataract"
3686606,L,26,392288006,"Primary angle-closure glaucoma"
3686565,R,6,232079008,"Glaucoma suspect"
3686582,R,6,232079008,"Glaucoma suspect"
3686591,R,6,232079008,"Glaucoma suspect"
3686565,R,26,53889007,"Nuclear cataract"
3686582,R,26,53889007,"Nuclear cataract"
3686591,R,26,53889007,"Nuclear cataract"
3686565,R,26,392288006,"Primary angle-closure glaucoma"
3686582,R,26,392288006,"Primary angle-closure glaucoma"
3686591,R,26,392288006,"Primary angle-closure glaucoma"
3686606,R,26,68478007,"Central retinal vein occlusion"
3686606,R,6,232079008,"Glaucoma suspect"
3686606,R,26,232086000,"Neovascular glaucoma"
3686606,R,26,53889007,"Nuclear cataract"
3686606,R,26,392288006,"Primary angle-closure glaucoma"
3686565,R,26,232086000,"Neovascular glaucoma"
3686582,R,26,232086000,"Neovascular glaucoma"
3686591,R,26,232086000,"Neovascular glaucoma"
3686565,L,26,69896004,"Rheumatoid arthritis"
3686582,L,26,69896004,"Rheumatoid arthritis"
3686591,L,26,69896004,"Rheumatoid arthritis"
3686606,L,26,69896004,"Rheumatoid arthritis"
3686565,R,26,68478007,"Central retinal vein occlusion"
3686582,R,26,68478007,"Central retinal vein occlusion"
3686591,R,26,68478007,"Central retinal vein occlusion"
3686565,R,26,69896004,"Rheumatoid arthritis"
3686582,R,26,69896004,"Rheumatoid arthritis"
3686591,R,26,69896004,"Rheumatoid arthritis"
3686606,R,26,69896004,"Rheumatoid arthritis"
3686582,R,25,,
3686591,R,25,,
3686606,R,25,,
