ComplicationTypeId,ComplicationTypeDescription
0,None
