IndicationId,IndicationDescription
0,
392288006,"Primary angle-closure glaucoma"
53889007,"Nuclear cataract"
