PatientId,GenderId,EthnicityId,DateOfBirth,DateOfDeath,IMDScore,IsPrivate
17891,2,Z,1938-07-22,,,
