TreatmentTypeId,TreatmentTypeDescription
30880003,"Trabeculectomy ab externo"
416968006,"Trabeculectomy with intraoperative application of mitomycin"
415089008,"Phacoemulsification of cataract with intraocular lens implantation"
,
