OperationId,Eye,ComplicationTypeId,ComplicationTypeDescription
3686582,R,0,None
3686591,L,0,None
