EpisodeId,Eye,Date,SurgeonId,ConditionId,DiagnosisTermId,DiagnosisTermDescription
3686331,R,2018-06-02,6006,11,232086000,"Neovascular glaucoma"
3686536,B,2018-06-01,1,10,232079008,"Glaucoma suspect"
3686537,B,2018-06-01,1,10,232079008,"Glaucoma suspect"
3686538,B,2018-06-01,1,10,232079008,"Glaucoma suspect"
3686539,B,2018-06-01,1,10,232079008,"Glaucoma suspect"
3686540,B,2018-06-01,1,10,232079008,"Glaucoma suspect"
3686541,B,2018-06-01,1,10,232079008,"Glaucoma suspect"
3686542,B,2018-06-01,1,10,232079008,"Glaucoma suspect"
3686543,B,2018-06-01,1,10,232079008,"Glaucoma suspect"
3686544,B,2018-06-01,1,10,232079008,"Glaucoma suspect"
3686545,B,2018-06-01,1,10,232079008,"Glaucoma suspect"
3686547,B,2018-06-01,1,10,232079008,"Glaucoma suspect"
3686548,B,2018-06-01,1,10,232079008,"Glaucoma suspect"
3686549,B,2018-06-01,1,10,232079008,"Glaucoma suspect"
3686550,B,2018-06-01,1,10,232079008,"Glaucoma suspect"
3686552,R,2018-06-02,6006,11,232086000,"Neovascular glaucoma"
3686553,R,2018-06-02,6006,11,232086000,"Neovascular glaucoma"
3686556,R,2018-06-02,6006,11,232086000,"Neovascular glaucoma"
3686558,B,2018-06-01,1,10,232079008,"Glaucoma suspect"
3686560,R,2018-06-02,6006,11,232086000,"Neovascular glaucoma"
3686565,R,2018-06-02,6006,11,232086000,"Neovascular glaucoma"
3686566,R,2018-06-02,6006,11,232086000,"Neovascular glaucoma"
3686567,R,2018-06-02,6006,11,232086000,"Neovascular glaucoma"
3686568,R,2018-06-02,6006,11,232086000,"Neovascular glaucoma"
3686569,R,2018-06-02,6006,11,232086000,"Neovascular glaucoma"
3686571,R,2018-06-02,6006,11,232086000,"Neovascular glaucoma"
3686572,R,2018-06-02,6006,11,232086000,"Neovascular glaucoma"
3686573,R,2018-06-02,6006,11,232086000,"Neovascular glaucoma"
3686574,R,2018-06-02,6006,11,232086000,"Neovascular glaucoma"
3686575,R,2018-06-02,6006,11,232086000,"Neovascular glaucoma"
3686576,R,2018-06-02,6006,11,232086000,"Neovascular glaucoma"
3686577,R,2018-06-02,6006,11,232086000,"Neovascular glaucoma"
3686579,R,2018-06-02,6006,11,232086000,"Neovascular glaucoma"
3686582,R,2018-06-02,6006,11,232086000,"Neovascular glaucoma"
3686583,R,2018-06-02,6006,11,232086000,"Neovascular glaucoma"
3686586,R,2018-06-02,6006,11,232086000,"Neovascular glaucoma"
3686589,R,2018-06-02,6006,11,232086000,"Neovascular glaucoma"
3686591,R,2018-06-02,6006,11,232086000,"Neovascular glaucoma"
3686592,R,2018-06-02,6006,11,232086000,"Neovascular glaucoma"
3686595,R,2018-06-02,6006,11,232086000,"Neovascular glaucoma"
3686596,R,2018-06-02,6006,11,232086000,"Neovascular glaucoma"
3686597,R,2018-06-02,6006,7,68478007,"Central retinal vein occlusion"
3686599,R,2018-06-02,6006,11,232086000,"Neovascular glaucoma"
3686601,R,2018-06-02,6006,11,232086000,"Neovascular glaucoma"
3686603,R,2018-06-02,6006,11,232086000,"Neovascular glaucoma"
3686606,R,2018-06-02,6006,11,232086000,"Neovascular glaucoma"
3686607,R,2018-06-02,6006,11,232086000,"Neovascular glaucoma"
