OperationId,AnaesthesiaTypeId,AnaesthesiaNeedle,Sedation,SurgeonId,ComplicationId
3686591,4,0,0,6006,0
3686606,4,0,0,6006,0
