EpisodeId,Eye,Type,GlaucomaMedicationStatusId,Value
3686536,L,,9,29
3686538,L,,9,17
3686540,L,,9,17
3686541,L,,9,22
3686542,L,,9,22
3686543,L,,9,15
3686544,L,,9,15
3686545,L,,9,14
3686547,L,,9,15
3686548,L,,9,15
3686549,L,,9,15
3686550,L,,9,32
3686556,L,,9,32
3686558,L,,9,32
3686560,L,,9,27
3686566,L,,9,27
3686567,L,,9,27
3686568,L,,9,26
3686569,L,,9,28
3686571,L,,9,27
3686572,L,,9,27
3686574,L,,9,19
3686575,L,,9,19
3686576,L,,9,22
3686577,L,,9,19
3686579,L,,9,24
3686583,L,,9,20
3686589,L,,9,19
3686595,L,,9,18
3686596,L,,9,19
3686601,L,,9,20
3686607,L,,9,11
3686536,R,,9,30
3686538,R,,9,17
3686540,R,,9,15
3686541,R,,9,18
3686542,R,,9,21
3686543,R,,9,13
3686544,R,,9,14
3686545,R,,9,16
3686547,R,,9,14
3686548,R,,9,16
3686549,R,,9,15
3686550,R,,9,32
3686556,R,,9,32
3686558,R,,9,32
3686560,R,,9,20
3686566,R,,9,12
3686567,R,,9,12
3686568,R,,9,13
3686569,R,,9,14
3686571,R,,9,15
3686572,R,,9,26
3686574,R,,9,19
3686575,R,,9,18
3686576,R,,9,22
3686577,R,,9,20
3686579,R,,9,24
3686583,R,,9,19
3686589,R,,9,18
3686595,R,,9,18
3686596,R,,9,19
3686601,R,,9,50
3686603,R,,9,10
3686607,R,,9,10
