EpisodeId,Eye,RefractionTypeId,Sphere,Cylinder,Axis,ReadingAdd
3686552,L,,0.50,-0.75,90,
3686558,L,,-1.00,0.25,165,
3686577,L,,-1.00,0.50,0,
3686589,L,,-1.25,0.75,165,
3686596,L,,-0.50,1.00,85,
3686552,R,,1.00,-1.00,0,
3686558,R,,-1.25,1.00,95,
3686577,R,,-1.50,1.25,95,
3686589,R,,0.25,0.50,25,
3686596,R,,0.25,0.50,25,
