EpisodeId,Eye,NotationRecordedId,BestMeasure,Unaided,Pinhole,BestCorrected
3686558,L,2,0.00,0.00,,
3686558,R,2,0.18,0.18,,
3686568,L,2,0.00,,,0.00
3686568,R,2,0.18,,,0.18
3686575,L,2,0.00,0.00,,
3686575,R,2,0.18,0.18,,
3686577,L,2,0.30,0.30,,
3686577,R,2,0.48,0.48,,
3686589,L,2,0.30,0.30,,
3686589,R,2,0.00,0.00,,
3686596,L,2,0.10,0.10,,
3686596,R,2,0.00,0.00,,
3686603,L,2,0.18,0.18,,
3686603,R,2,2.40,2.40,,
3686607,L,2,0.18,0.18,,
3686607,R,2,2.40,2.40,,
