EpisodeId,Eye,IsAbleToLieFlat,IsInabilityToCooperate
3686565,R,1,0
3686582,R,1,0
3686591,L,1,0
3686606,L,1,0
