PatientId,Date,IsDateApprox,IsCVIBlind,IsCVIPartial
