PatientId,GenderId,EthnicityId,DateOfBirth,DateOfDeath,IMDScore,IMDDecile,IMDRank,IMDCountry,IsPrivate
