Surgeonid,GMCnumber,Title,FirstName,CurrentGradeId
1,,Mr,Admin,1
6,GMC56789,Dr,Richard,1
6006,GMC12345,Dr,Michael,4
