patient_id,event_id,event_date,value,method,side,eye
