patient_id,event_date,cvi_status,registration_date
