patient_id,side,disorder_id,disorder_term,disorder_date,specialty
