patient_id,event_id,event_date,followup_quantity,followup_period,followup_comments
