patient_id,eye,event_date,pre_antisept_drug,pre_skin_drug,drug,number,injection_given_by,injection_time,pre_ioplowering_required,post_ioplowering_required,lens_status,complication,administrator,doctor_grade,site,institution
