patient_id,procedure_id,term,short_term,snomed_code,snomed_term,ecds_code,ecds_term,eye,event_date
