patient_id,event_date,eye,crt,avg_thickness,total_vol,irf,srf,cysts,retinal_thickening,ped,cmo,dmo,heamorrhage,exudates,avg_rnfl,cct,cd_ratio,cst
