patient_id,gender,dob,age,ethnic_group,IMDScore,IMDDecile,IMDRank,IMDCountry
