patient_id,reading_date,eye,original_unit_name,original_value,method,snellen_value,ETDRS_value,LogMAR_value
